/*===TOKENS===*/
PUBLIC                   <public>
STRUCT                   <struct>
FUNCTION                 <function>
IDENTIFIER               <onLoad>
'('                      <(>
')'                      <)>
OUTPUT                   <output>
'='                      <=>
OPEN_STRING              <">
STRING_LITERAL           <false>
CLOSE_STRING             <">
'{'                      <{>
Hidden:NEWLINE                  <>
IDENTIFIER               <local>
'.'                      <.>
IDENTIFIER               <a>
'='                      <=>
'{'                      <{>
Hidden:NEWLINE                  <>
OPEN_STRING              <">
STRING_LITERAL           <a>
CLOSE_STRING             <">
':'                      <:>
BOOLEAN_LITERAL          <true>
'?'                      <?>
':'                      <:>
BOOLEAN_LITERAL          <false>
Hidden:NEWLINE                  <>
'}'                      <}>
';'                      <;>
Hidden:NEWLINE                  <>
RETURN                   <return>
IDENTIFIER               <local>
'.'                      <.>
IDENTIFIER               <a>
';'                      <;>
Hidden:NEWLINE                  <>
'}'                      <}>
/*===TREE===*/
(scriptBlock
  (element
    (functionDeclaration
      (accessType public)
      (typeSpec (type struct))
      function
      (identifier onLoad)
      (
      parameterList
      )
      (functionAttribute
        (identifier (cfmlFunction output))
        =
        (constantExpression (stringLiteral " (stringLiteralPart false) "))
      )
      (compoundStatement
        {
        (statement
          (assignmentExpression
            (startExpression
              (baseExpression
                (unaryExpression (memberExpression (identifier local) . (identifier a)))
              )
            )
            =
            (startExpression
              (baseExpression
                (unaryExpression
                  (primaryExpression
                    (implicitStruct
                      {
                      (implicitStructElements
                        (implicitStructExpression
                          (implicitStructKeyExpression
                            (literalExpression (stringLiteral " (stringLiteralPart a) "))
                          )
                          :
                          (baseExpression
                            (baseExpression (unaryExpression (primaryExpression (literalExpression true))))
                            (elvisOperator ? :)
                            (baseExpression
                              (unaryExpression (primaryExpression (literalExpression false)))
                            )
                          )
                        )
                      )
                      }
                    )
                  )
                )
              )
            )
          )
          (endOfStatement ;)
        )
        (statement
          (returnStatement
            return
            (anExpression
              (startExpression
                (baseExpression
                  (unaryExpression (memberExpression (identifier local) . (identifier a)))
                )
              )
            )
          )
          (endOfStatement ;)
        )
        }
      )
    )
  )
)
/*======*/
/*===DECOMPILE===*/
public struct function onLoad() output='false'  {
local.a = {'a':true ?: false};
    return local.a;

  }
/*======*/