/*===TOKENS===*/
PUBLIC                   <public>
NUMERIC                  <numeric>
FUNCTION                 <function>
IDENTIFIER               <test>
'('                      <(>
Hidden:NEWLINE                  <>
REQUIRED                 <required>
NUMERIC                  <numeric>
IDENTIFIER               <inNum>
Hidden:NEWLINE                  <>
')'                      <)>
Hidden:NEWLINE                  <>
OUTPUT                   <output>
'='                      <=>
BOOLEAN_LITERAL          <false>
Hidden:NEWLINE                  <>
IDENTIFIER               <hint>
'='                      <=>
OPEN_STRING              <">
STRING_LITERAL           <I am a test function.>
CLOSE_STRING             <">
Hidden:NEWLINE                  <>
'{'                      <{>
Hidden:NEWLINE                  <>
RETURN                   <return>
IDENTIFIER               <ARGUMENTS>
'.'                      <.>
IDENTIFIER               <inNum>
'+'                      <+>
INTEGER_LITERAL          <1>
';'                      <;>
Hidden:NEWLINE                  <>
'}'                      <}>
Hidden:NEWLINE                  <>
/*===TREE===*/
(scriptBlock
  (element
    (functionDeclaration
      (accessType public)
      (typeSpec (type numeric))
      function
      (identifier test)
      (
      (parameterList
        (parameter
          required
          (parameterType (typeSpec (type numeric)))
          (identifier inNum)
        )
      )
      )
      (functionAttribute
        (identifier (cfmlFunction output))
        =
        (constantExpression false)
      )
      (functionAttribute
        (identifier hint)
        =
        (constantExpression
          (stringLiteral " (stringLiteralPart I am a test function.) ")
        )
      )
      (compoundStatement
        {
        (statement
          (returnStatement
            return
            (anExpression
              (startExpression
                (baseExpression
                  (baseExpression
                    (unaryExpression
                      (memberExpression (identifier ARGUMENTS) . (identifier inNum))
                    )
                  )
                  +
                  (baseExpression (unaryExpression (primaryExpression (literalExpression 1))))
                )
              )
            )
          )
          (endOfStatement ;)
        )
        }
      )
    )
  )
)
/*======*/
/*===DECOMPILE===*/
public numeric function test(required inNum) output=false hint='I am a test function.'  {
    return ARGUMENTS.inNum + 1;

  }
/*======*/