/*===TOKENS===*/
IDENTIFIER               <cfmail>
'('                      <(>
Hidden:NEWLINE                  <>
TO                       <to>
'='                      <=>
IDENTIFIER               <toAddress>
','                      <,>
Hidden:NEWLINE                  <>
IDENTIFIER               <from>
'='                      <=>
IDENTIFIER               <adminEmail>
','                      <,>
Hidden:NEWLINE                  <>
IDENTIFIER               <replyto>
'='                      <=>
IDENTIFIER               <adminEmail>
','                      <,>
Hidden:NEWLINE                  <>
IDENTIFIER               <failto>
'='                      <=>
IDENTIFIER               <adminEmail>
','                      <,>
Hidden:NEWLINE                  <>
IDENTIFIER               <subject>
'='                      <=>
OPEN_STRING              <">
STRING_LITERAL           <Test email>
CLOSE_STRING             <">
','                      <,>
Hidden:NEWLINE                  <>
IDENTIFIER               <type>
'='                      <=>
OPEN_STRING              <">
STRING_LITERAL           <html>
CLOSE_STRING             <">
Hidden:NEWLINE                  <>
')'                      <)>
'{'                      <{>
Hidden:NEWLINE                  <>
IDENTIFIER               <writeOutput>
'('                      <(>
IDENTIFIER               <mailBody>
')'                      <)>
';'                      <;>
Hidden:NEWLINE                  <>
'}'                      <}>
';'                      <;>
/*===TREE===*/
(scriptBlock
  (element
    (statement
      (startExpression
        (baseExpression
          (unaryExpression
            (memberExpression
              (functionCall
                (identifier cfmail)
                (
                (argumentList
                  (argument
                    (argumentName (identifier to))
                    =
                    (startExpression
                      (baseExpression (unaryExpression (memberExpression (identifier toAddress))))
                    )
                  )
                  ,
                  (argument
                    (argumentName (identifier from))
                    =
                    (startExpression
                      (baseExpression (unaryExpression (memberExpression (identifier adminEmail))))
                    )
                  )
                  ,
                  (argument
                    (argumentName (identifier replyto))
                    =
                    (startExpression
                      (baseExpression (unaryExpression (memberExpression (identifier adminEmail))))
                    )
                  )
                  ,
                  (argument
                    (argumentName (identifier failto))
                    =
                    (startExpression
                      (baseExpression (unaryExpression (memberExpression (identifier adminEmail))))
                    )
                  )
                  ,
                  (argument
                    (argumentName (identifier subject))
                    =
                    (startExpression
                      (baseExpression
                        (unaryExpression
                          (primaryExpression
                            (literalExpression (stringLiteral " (stringLiteralPart Test email) "))
                          )
                        )
                      )
                    )
                  )
                  ,
                  (argument
                    (argumentName (identifier type))
                    =
                    (startExpression
                      (baseExpression
                        (unaryExpression
                          (primaryExpression
                            (literalExpression (stringLiteral " (stringLiteralPart html) "))
                          )
                        )
                      )
                    )
                  )
                )
                )
                (compoundStatement
                  {
                  (statement
                    (startExpression
                      (baseExpression
                        (unaryExpression
                          (memberExpression
                            (functionCall
                              (identifier writeOutput)
                              (
                              (argumentList
                                (argument
                                  (startExpression
                                    (baseExpression (unaryExpression (memberExpression (identifier mailBody))))
                                  )
                                )
                              )
                              )
                            )
                          )
                        )
                      )
                    )
                    ;
                  )
                  }
                )
              )
            )
          )
        )
      )
      ;
    )
  )
)
/*======*/
/*===DECOMPILE===*/
cfmail(to = toAddress, from = adminEmail, replyto = adminEmail, failto = adminEmail, subject = 'Test email', type = 'html')
/*======*/