/*===TOKENS===*/
COMPONENT                <component>
'{'                      <{>
Hidden:NEWLINE                  <>
FUNCTION                 <function>
IDENTIFIER               <foo>
'('                      <(>
')'                      <)>
'{'                      <{>
Hidden:NEWLINE                  <>
RETURN                   <return>
IDENTIFIER               <bar>
Hidden:NEWLINE                  <>
'}'                      <}>
Hidden:NEWLINE                  <>
'}'                      <}>
/*===TREE===*/
(scriptBlock
  (componentDeclaration
    component
    (componentGuts
      {
      (element
        (functionDeclaration
          function
          (identifier foo)
          (
          parameterList
          )
          (compoundStatement
            {
            (statement
              (returnStatement
                return
                (anExpression
                  (startExpression
                    (baseExpression (unaryExpression (memberExpression (identifier bar))))
                  )
                )
              )
              endOfStatement
            )
            }
          )
        )
      )
      }
    )
  )
)
/*======*/
/*===DECOMPILE===*/
component {
  public function foo()     {
      return bar;

    }
}
/*======*/