/*===TOKENS===*/
FUNCTION                 <function>
IDENTIFIER               <foo>
'('                      <(>
')'                      <)>
'{'                      <{>
Hidden:NEWLINE                  <>
IDENTIFIER               <local>
'.'                      <.>
IDENTIFIER               <idSet>
'='                      <=>
OPEN_STRING              <'>
STRING_LITERAL           <123>
CLOSE_STRING             <'>
';'                      <;>
Hidden:NEWLINE                  <>
RETURN                   <return>
IDENTIFIER               <idSet>
'.'                      <.>
CONTAINS                 <contains>
'('                      <(>
OPEN_STRING              <'>
STRING_LITERAL           <12>
CLOSE_STRING             <'>
')'                      <)>
';'                      <;>
Hidden:NEWLINE                  <>
'}'                      <}>
/*===TREE===*/
(scriptBlock
  (element
    (functionDeclaration
      function
      (identifier foo)
      (
      parameterList
      )
      (compoundStatement
        {
        (statement
          (assignmentExpression
            (startExpression
              (baseExpression
                (unaryExpression (memberExpression (identifier local) . (identifier idSet)))
              )
            )
            =
            (startExpression
              (baseExpression
                (unaryExpression
                  (primaryExpression
                    (literalExpression (stringLiteral ' (stringLiteralPart 123) '))
                  )
                )
              )
            )
          )
          (endOfStatement ;)
        )
        (statement
          (returnStatement
            return
            (anExpression
              (startExpression
                (baseExpression
                  (unaryExpression
                    (memberExpression
                      (identifier idSet)
                      .
                      (qualifiedFunctionCall
                        (reservedWord (specialWord contains))
                        (
                        (argumentList
                          (argument
                            (startExpression
                              (baseExpression
                                (unaryExpression
                                  (primaryExpression
                                    (literalExpression (stringLiteral ' (stringLiteralPart 12) '))
                                  )
                                )
                              )
                            )
                          )
                        )
                        )
                      )
                    )
                  )
                )
              )
            )
          )
          (endOfStatement ;)
        )
        }
      )
    )
  )
)
/*======*/
/*===DECOMPILE===*/
public function foo()   {
local.idSet = '123';
    return idSet.contains('12');

  }
/*======*/