/*===TOKENS===*/
FUNCTION                 <function>
IDENTIFIER               <foo>
'('                      <(>
')'                      <)>
'{'                      <{>
Hidden:NEWLINE                  <>
IDENTIFIER               <cfstoredproc>
'('                      <(>
Hidden:NEWLINE                  <>
IDENTIFIER               <procedure>
'='                      <=>
OPEN_STRING              <">
STRING_LITERAL           <dbo.myTestProcedure>
CLOSE_STRING             <">
','                      <,>
Hidden:NEWLINE                  <>
IDENTIFIER               <datasource>
'='                      <=>
IDENTIFIER               <Variables>
'.'                      <.>
IDENTIFIER               <datasource>
Hidden:NEWLINE                  <>
')'                      <)>
'{'                      <{>
Hidden:NEWLINE                  <>
IDENTIFIER               <cfprocparam>
'('                      <(>
IDENTIFIER               <value>
'='                      <=>
IDENTIFIER               <myId>
','                      <,>
IDENTIFIER               <cfsqltype>
'='                      <=>
OPEN_STRING              <">
STRING_LITERAL           <cf_sql_integer>
CLOSE_STRING             <">
')'                      <)>
';'                      <;>
Hidden:NEWLINE                  <>
IDENTIFIER               <cfprocresult>
'('                      <(>
IDENTIFIER               <resultset>
'='                      <=>
INTEGER_LITERAL          <1>
','                      <,>
IDENTIFIER               <name>
'='                      <=>
OPEN_STRING              <">
STRING_LITERAL           <myQuery>
CLOSE_STRING             <">
')'                      <)>
';'                      <;>
Hidden:NEWLINE                  <>
'}'                      <}>
Hidden:NEWLINE                  <>
IDENTIFIER               <Variables>
'.'                      <.>
IDENTIFIER               <myTest>
'='                      <=>
'['                      <[>
']'                      <]>
';'                      <;>
Hidden:NEWLINE                  <>
'}'                      <}>
/*===TREE===*/
(scriptBlock
  (element
    (functionDeclaration
      function
      (identifier foo)
      (
      parameterList
      )
      (compoundStatement
        {
        (statement
          (functionCall
            (identifier cfstoredproc)
            (
            (argumentList
              (argument
                (argumentName (identifier procedure))
                =
                (startExpression
                  (baseExpression
                    (unaryExpression
                      (primaryExpression
                        (literalExpression (stringLiteral " (stringLiteralPart dbo.myTestProcedure) "))
                      )
                    )
                  )
                )
              )
              ,
              (argument
                (argumentName (identifier datasource))
                =
                (startExpression
                  (baseExpression
                    (unaryExpression
                      (memberExpression (identifier Variables) . (identifier datasource))
                    )
                  )
                )
              )
            )
            )
            (compoundStatement
              {
              (statement
                (startExpression
                  (baseExpression
                    (unaryExpression
                      (memberExpression
                        (functionCall
                          (identifier cfprocparam)
                          (
                          (argumentList
                            (argument
                              (argumentName (identifier value))
                              =
                              (startExpression
                                (baseExpression (unaryExpression (memberExpression (identifier myId))))
                              )
                            )
                            ,
                            (argument
                              (argumentName (identifier cfsqltype))
                              =
                              (startExpression
                                (baseExpression
                                  (unaryExpression
                                    (primaryExpression
                                      (literalExpression (stringLiteral " (stringLiteralPart cf_sql_integer) "))
                                    )
                                  )
                                )
                              )
                            )
                          )
                          )
                        )
                      )
                    )
                  )
                )
                ;
              )
              (statement
                (startExpression
                  (baseExpression
                    (unaryExpression
                      (memberExpression
                        (functionCall
                          (identifier cfprocresult)
                          (
                          (argumentList
                            (argument
                              (argumentName (identifier resultset))
                              =
                              (startExpression
                                (baseExpression (unaryExpression (primaryExpression (literalExpression 1))))
                              )
                            )
                            ,
                            (argument
                              (argumentName (identifier name))
                              =
                              (startExpression
                                (baseExpression
                                  (unaryExpression
                                    (primaryExpression
                                      (literalExpression (stringLiteral " (stringLiteralPart myQuery) "))
                                    )
                                  )
                                )
                              )
                            )
                          )
                          )
                        )
                      )
                    )
                  )
                )
                ;
              )
              }
            )
          )
        )
        (statement
          (assignmentExpression
            (startExpression
              (baseExpression
                (unaryExpression
                  (memberExpression (identifier Variables) . (identifier myTest))
                )
              )
            )
            =
            (startExpression
              (baseExpression (unaryExpression (primaryExpression (implicitArray [ ]))))
            )
          )
          (endOfStatement ;)
        )
        }
      )
    )
  )
)
/*======*/
/*===DECOMPILE===*/
public function foo()   {
cfstoredproc(procedure = 'dbo.myTestProcedure', datasource = Variables.datasource);
Variables.myTest = [];

  }
/*======*/