/*===TOKENS===*/
IDENTIFIER               <emptyOrderedStructColon>
'='                      <=>
'['                      <[>
':'                      <:>
']'                      <]>
';'                      <;>
/*===TREE===*/
(scriptBlock
  (element
    (statement
      (assignmentExpression
        (startExpression
          (baseExpression
            (unaryExpression (memberExpression (identifier emptyOrderedStructColon)))
          )
        )
        =
        (startExpression
          (baseExpression
            (unaryExpression (primaryExpression (implicitOrderedStruct [ : ])))
          )
        )
      )
      (endOfStatement ;)
    )
  )
)
/*======*/
/*===DECOMPILE===*/
emptyOrderedStructColon = []
/*======*/