/*===TOKENS===*/
IDENTIFIER               <orderedStructEquals>
'='                      <=>
'['                      <[>
IDENTIFIER               <a>
'='                      <=>
INTEGER_LITERAL          <1>
','                      <,>
IDENTIFIER               <b>
'='                      <=>
INTEGER_LITERAL          <2>
']'                      <]>
';'                      <;>
/*===TREE===*/
(scriptBlock
  (element
    (statement
      (assignmentExpression
        (startExpression
          (baseExpression
            (unaryExpression (memberExpression (identifier orderedStructEquals)))
          )
        )
        =
        (startExpression
          (baseExpression
            (unaryExpression
              (primaryExpression
                (implicitOrderedStruct
                  [
                  (implicitStructElements
                    (implicitStructExpression
                      (implicitStructKeyExpression (multipartIdentifier (identifier a)))
                      =
                      (baseExpression (unaryExpression (primaryExpression (literalExpression 1))))
                    )
                    ,
                    (implicitStructExpression
                      (implicitStructKeyExpression (multipartIdentifier (identifier b)))
                      =
                      (baseExpression (unaryExpression (primaryExpression (literalExpression 2))))
                    )
                  )
                  ]
                )
              )
            )
          )
        )
      )
      (endOfStatement ;)
    )
  )
)
/*======*/
/*===DECOMPILE===*/
orderedStructEquals = [a:1,b:2]
/*======*/