/*===TOKENS===*/
COMPONENT                <component>
IDENTIFIER               <oshen>
':'                      <:>
IDENTIFIER               <displayLabel>
'='                      <=>
OPEN_STRING              <">
STRING_LITERAL           <${lastName} ${firstName}>
CLOSE_STRING             <">
IDENTIFIER               <transient>
'{'                      <{>
Hidden:NEWLINE                  <>
FUNCTION                 <function>
IDENTIFIER               <foo>
'('                      <(>
')'                      <)>
IDENTIFIER               <transient>
IDENTIFIER               <bar>
'='                      <=>
OPEN_STRING              <">
STRING_LITERAL           <snafu>
CLOSE_STRING             <">
IDENTIFIER               <wtf>
':'                      <:>
IDENTIFIER               <ikr>
IDENTIFIER               <rt>
':'                      <:>
OPEN_STRING              <">
STRING_LITERAL           <brb>
CLOSE_STRING             <">
'{'                      <{>
Hidden:NEWLINE                  <>
RETURN                   <return>
OPEN_STRING              <">
STRING_LITERAL           <woohoo>
CLOSE_STRING             <">
';'                      <;>
Hidden:NEWLINE                  <>
'}'                      <}>
Hidden:NEWLINE                  <>
'}'                      <}>
/*===TREE===*/
(scriptBlock
  (componentDeclaration
    component
    (componentAttribute
      (identifier oshen)
      :
      (identifier displayLabel)
      =
      (startExpression
        (baseExpression
          (unaryExpression
            (primaryExpression
              (literalExpression
                (stringLiteral " (stringLiteralPart ${lastName} ${firstName}) ")
              )
            )
          )
        )
      )
    )
    (componentAttribute (identifier transient))
    (componentGuts
      {
      (element
        (functionDeclaration
          function
          (identifier foo)
          (
          parameterList
          )
          (functionAttribute (identifier transient))
          (functionAttribute
            (identifier bar)
            =
            (constantExpression (stringLiteral " (stringLiteralPart snafu) "))
          )
          (functionAttribute (identifier wtf) : (identifier ikr))
          (functionAttribute
            (identifier rt)
            :
            (constantExpression (stringLiteral " (stringLiteralPart brb) "))
          )
          (compoundStatement
            {
            (statement
              (returnStatement
                return
                (anExpression
                  (startExpression
                    (baseExpression
                      (unaryExpression
                        (primaryExpression
                          (literalExpression (stringLiteral " (stringLiteralPart woohoo) "))
                        )
                      )
                    )
                  )
                )
              )
              (endOfStatement ;)
            )
            }
          )
        )
      )
      }
    )
  )
)
/*======*/
/*===DECOMPILE===*/
component displayLabel.oshen='${lastName} ${firstName}' transient {
  public function foo() transient bar='snafu' wtf=ikr rt='brb'    {
      return 'woohoo';

    }
}
/*======*/