/*===TOKENS===*/
Hidden:ML_COMMENT               </**
* @author 
*/>
Hidden:NEWLINE                  <>
COMPONENT                <component>
IDENTIFIER               <accessors>
'='                      <=>
OPEN_STRING              <">
STRING_LITERAL           <true>
CLOSE_STRING             <">
'{'                      <{>
Hidden:NEWLINE                  <>
Hidden:LINE_COMMENT             <// The first name of the User>
PROPERTY                 <property>
IDENTIFIER               <type>
'='                      <=>
OPEN_STRING              <">
STRING_LITERAL           <string>
CLOSE_STRING             <">
IDENTIFIER               <name>
'='                      <=>
OPEN_STRING              <">
STRING_LITERAL           <firstName>
CLOSE_STRING             <">
';'                      <;>
Hidden:NEWLINE                  <>
Hidden:LINE_COMMENT             <// Last name of the User>
PROPERTY                 <property>
IDENTIFIER               <name>
'='                      <=>
OPEN_STRING              <">
STRING_LITERAL           <lastName>
CLOSE_STRING             <">
';'                      <;>
Hidden:NEWLINE                  <>
Hidden:ML_COMMENT               </**
  * Constructor
  */>
Hidden:NEWLINE                  <>
FUNCTION                 <function>
IDENTIFIER               <init>
'('                      <(>
')'                      <)>
'{'                      <{>
Hidden:NEWLINE                  <>
RETURN                   <return>
IDENTIFIER               <this>
';'                      <;>
Hidden:NEWLINE                  <>
'}'                      <}>
Hidden:NEWLINE                  <>
Hidden:ML_COMMENT               </**
  * Submit an order
  * @product.hint The product object
  * @coupon.hint The Coupon code needed
  * @results.hint The results object
  */>
Hidden:NEWLINE                  <>
FUNCTION                 <function>
IDENTIFIER               <submitOrder>
'('                      <(>
REQUIRED                 <required>
IDENTIFIER               <product>
','                      <,>
IDENTIFIER               <coupon>
'='                      <=>
OPEN_STRING              <">
CLOSE_STRING             <">
','                      <,>
BOOLEAN                  <boolean>
IDENTIFIER               <results>
'='                      <=>
BOOLEAN_LITERAL          <true>
')'                      <)>
'{'                      <{>
Hidden:NEWLINE                  <>
'}'                      <}>
Hidden:NEWLINE                  <>
'}'                      <}>
/*===TREE===*/
(scriptBlock
  (componentDeclaration
    component
    (componentAttribute
      (identifier accessors)
      =
      (startExpression
        (baseExpression
          (unaryExpression
            (primaryExpression
              (literalExpression (stringLiteral " (stringLiteralPart true) "))
            )
          )
        )
      )
    )
    (componentGuts
      {
      (element
        (statement
          (tagOperatorStatement
            (propertyStatement
              property
              (paramStatementAttributes
                (param
                  (multipartIdentifier (identifier type))
                  =
                  (startExpression
                    (baseExpression
                      (unaryExpression
                        (primaryExpression
                          (literalExpression (stringLiteral " (stringLiteralPart string) "))
                        )
                      )
                    )
                  )
                )
                (param
                  (multipartIdentifier (identifier name))
                  =
                  (startExpression
                    (baseExpression
                      (unaryExpression
                        (primaryExpression
                          (literalExpression (stringLiteral " (stringLiteralPart firstName) "))
                        )
                      )
                    )
                  )
                )
              )
              (endOfStatement ;)
            )
          )
        )
      )
      (element
        (statement
          (tagOperatorStatement
            (propertyStatement
              property
              (paramStatementAttributes
                (param
                  (multipartIdentifier (identifier name))
                  =
                  (startExpression
                    (baseExpression
                      (unaryExpression
                        (primaryExpression
                          (literalExpression (stringLiteral " (stringLiteralPart lastName) "))
                        )
                      )
                    )
                  )
                )
              )
              (endOfStatement ;)
            )
          )
        )
      )
      (element
        (functionDeclaration
          function
          (identifier init)
          (
          parameterList
          )
          (compoundStatement
            {
            (statement
              (returnStatement
                return
                (anExpression
                  (startExpression
                    (baseExpression (unaryExpression (memberExpression (identifier this))))
                  )
                )
              )
              (endOfStatement ;)
            )
            }
          )
        )
      )
      (element
        (functionDeclaration
          function
          (identifier submitOrder)
          (
          (parameterList
            (parameter required (identifier product))
            ,
            (parameter
              (identifier coupon)
              =
              (startExpression
                (baseExpression
                  (unaryExpression (primaryExpression (literalExpression (stringLiteral " "))))
                )
              )
            )
            ,
            (parameter
              (parameterType (typeSpec (type boolean)))
              (identifier results)
              =
              (startExpression
                (baseExpression (unaryExpression (primaryExpression (literalExpression true))))
              )
            )
          )
          )
          (compoundStatement { })
        )
      )
      }
    )
  )
)
/*======*/
/*===DECOMPILE===*/
component accessors='true' {
  {
property name='firstName' type='string';
property name='lastName';
    public function init()       {
        return this;

      };
    public function submitOrder(required product, coupon='', results=true)       {

      };

  }
}
/*======*/