/*===TOKENS===*/
COMPONENT                <component>
'{'                      <{>
Hidden:NEWLINE                  <>
PUBLIC                   <public>
IDENTIFIER               <tagCFC>
FUNCTION                 <function>
IDENTIFIER               <init>
'('                      <(>
')'                      <)>
'{'                      <{>
Hidden:NEWLINE                  <>
THROW                    <throw>
IDENTIFIER               <message>
'='                      <=>
OPEN_STRING              <">
CLOSE_STRING             <">
';'                      <;>
Hidden:NEWLINE                  <>
'}'                      <}>
Hidden:NEWLINE                  <>
'}'                      <}>
/*===TREE===*/
(scriptBlock
  (componentDeclaration
    component
    (componentGuts
      {
      (element
        (functionDeclaration
          (accessType public)
          (typeSpec (multipartIdentifier (identifier tagCFC)))
          function
          (identifier init)
          (
          parameterList
          )
          (compoundStatement
            {
            (statement
              (tagOperatorStatement
                (tagThrowStatement
                  throw
                  (paramStatementAttributes
                    (param
                      (multipartIdentifier (identifier message))
                      =
                      (startExpression
                        (baseExpression
                          (unaryExpression (primaryExpression (literalExpression (stringLiteral " "))))
                        )
                      )
                    )
                  )
                  (endOfStatement ;)
                )
              )
            )
            }
          )
        )
      )
      }
    )
  )
)
/*======*/
/*===DECOMPILE===*/
component {
  public tagCFC function init()     {
      throw  message='';

    }
}
/*======*/