/*===TOKENS===*/
LOOP                     <cfloop>
'('                      <(>
QUERY                    <query>
'='                      <=>
IDENTIFIER               <SiteRelatedTables>
')'                      <)>
Hidden:NEWLINE                  <>
'{'                      <{>
Hidden:NEWLINE                  <>
IDENTIFIER               <loopy>
'('                      <(>
')'                      <)>
';'                      <;>
Hidden:NEWLINE                  <>
'}'                      <}>
Hidden:NEWLINE                  <>
LOOP                     <loop>
'('                      <(>
QUERY                    <query>
'='                      <=>
IDENTIFIER               <SiteRelatedTables>
')'                      <)>
Hidden:NEWLINE                  <>
'{'                      <{>
Hidden:NEWLINE                  <>
IDENTIFIER               <loopy>
'('                      <(>
')'                      <)>
';'                      <;>
Hidden:NEWLINE                  <>
'}'                      <}>
/*===TREE===*/
(scriptBlock
  (element
    (statement
      (tagOperatorStatement
        (tagFunctionStatement
          (cfmlFunction cfloop)
          (
          (parameterList
            (parameter
              (identifier (cfmlFunction query))
              =
              (startExpression
                (baseExpression
                  (unaryExpression (memberExpression (identifier SiteRelatedTables)))
                )
              )
            )
          )
          )
          (compoundStatement
            {
            (statement
              (startExpression
                (baseExpression
                  (unaryExpression
                    (memberExpression (functionCall (identifier loopy) ( argumentList )))
                  )
                )
              )
              ;
            )
            }
          )
        )
      )
    )
  )
  (element
    (statement
      (tagOperatorStatement
        (tagFunctionStatement
          (cfmlFunction loop)
          (
          (parameterList
            (parameter
              (identifier (cfmlFunction query))
              =
              (startExpression
                (baseExpression
                  (unaryExpression (memberExpression (identifier SiteRelatedTables)))
                )
              )
            )
          )
          )
          (compoundStatement
            {
            (statement
              (startExpression
                (baseExpression
                  (unaryExpression
                    (memberExpression (functionCall (identifier loopy) ( argumentList )))
                  )
                )
              )
              ;
            )
            }
          )
        )
      )
    )
  )
)
/*======*/
/*===DECOMPILE===*/
{
cfloop(query = SiteRelatedTables)    {
loopy();

    };
loop(query = SiteRelatedTables)    {
loopy();

    };

}
/*======*/