/*===TOKENS===*/
IDENTIFIER               <filename>
'='                      <=>
OPEN_STRING              <">
'#'                      <#>
IDENTIFIER               <dateformat>
'('                      <(>
IDENTIFIER               <Now>
'('                      <(>
')'                      <)>
','                      <,>
OPEN_STRING              <">
STRING_LITERAL           <YY_MM_DD>
CLOSE_STRING             <">
')'                      <)>
'#'                      <#>
STRING_LITERAL           <_>
'#'                      <#>
IDENTIFIER               <TimeFormat>
'('                      <(>
IDENTIFIER               <Now>
'('                      <(>
')'                      <)>
','                      <,>
OPEN_STRING              <">
STRING_LITERAL           <HH_mm>
CLOSE_STRING             <">
')'                      <)>
'#'                      <#>
STRING_LITERAL           <_Company""stuff"".xls>
CLOSE_STRING             <">
';'                      <;>
/*===TREE===*/
(scriptBlock
  (element
    (statement
      (assignmentExpression
        (startExpression
          (baseExpression (unaryExpression (memberExpression (identifier filename))))
        )
        =
        (startExpression
          (baseExpression
            (unaryExpression
              (primaryExpression
                (literalExpression
                  (stringLiteral
                    "
                    #
                    (anExpression
                      (startExpression
                        (baseExpression
                          (unaryExpression
                            (memberExpression
                              (functionCall
                                (identifier dateformat)
                                (
                                (argumentList
                                  (argument
                                    (startExpression
                                      (baseExpression
                                        (unaryExpression
                                          (memberExpression (functionCall (identifier Now) ( argumentList )))
                                        )
                                      )
                                    )
                                  )
                                  ,
                                  (argument
                                    (startExpression
                                      (baseExpression
                                        (unaryExpression
                                          (primaryExpression
                                            (literalExpression (stringLiteral " (stringLiteralPart YY_MM_DD) "))
                                          )
                                        )
                                      )
                                    )
                                  )
                                )
                                )
                              )
                            )
                          )
                        )
                      )
                    )
                    #
                    (stringLiteralPart _)
                    #
                    (anExpression
                      (startExpression
                        (baseExpression
                          (unaryExpression
                            (memberExpression
                              (functionCall
                                (identifier TimeFormat)
                                (
                                (argumentList
                                  (argument
                                    (startExpression
                                      (baseExpression
                                        (unaryExpression
                                          (memberExpression (functionCall (identifier Now) ( argumentList )))
                                        )
                                      )
                                    )
                                  )
                                  ,
                                  (argument
                                    (startExpression
                                      (baseExpression
                                        (unaryExpression
                                          (primaryExpression
                                            (literalExpression (stringLiteral " (stringLiteralPart HH_mm) "))
                                          )
                                        )
                                      )
                                    )
                                  )
                                )
                                )
                              )
                            )
                          )
                        )
                      )
                    )
                    #
                    (stringLiteralPart _Company""stuff"".xls)
                    "
                  )
                )
              )
            )
          )
        )
      )
      (endOfStatement ;)
    )
  )
)
/*======*/
/*===DECOMPILE===*/
filename = '#dateformat(Now(), 'YY_MM_DD')#_#TimeFormat(Now(), 'HH_mm')#_Company""stuff"".xls'
/*======*/