/*===TOKENS===*/
Hidden:NEWLINE                  <>
COMPONENT                <component>
'{'                      <{>
Hidden:NEWLINE                  <>
PUBLIC                   <public>
IDENTIFIER               <void>
FUNCTION                 <function>
IDENTIFIER               <test>
'('                      <(>
')'                      <)>
'{'                      <{>
Hidden:NEWLINE                  <>
RETURN                   <return>
IDENTIFIER               <foo>
'='                      <=>
IDENTIFIER               <bar>
';'                      <;>
Hidden:NEWLINE                  <>
'}'                      <}>
Hidden:NEWLINE                  <>
'}'                      <}>
/*===TREE===*/
(scriptBlock
  (componentDeclaration
    component
    (componentGuts
      {
      (element
        (functionDeclaration
          (accessType public)
          (typeSpec (multipartIdentifier (identifier void)))
          function
          (identifier test)
          (
          parameterList
          )
          (compoundStatement
            {
            (statement
              (returnStatement
                return
                (anExpression
                  (assignmentExpression
                    (startExpression
                      (baseExpression (unaryExpression (memberExpression (identifier foo))))
                    )
                    =
                    (startExpression
                      (baseExpression (unaryExpression (memberExpression (identifier bar))))
                    )
                  )
                )
              )
              (endOfStatement ;)
            )
            }
          )
        )
      )
      }
    )
  )
)
/*======*/
/*===DECOMPILE===*/
component {
  public void function test()     {
      return foo = bar;

    }
}
/*======*/