/*===TOKENS===*/
IDENTIFIER               <filename>
'&='                     <&=>
OPEN_STRING              <">
STRING_LITERAL           <test>
CLOSE_STRING             <">
';'                      <;>
Hidden:NEWLINE                  <>
/*===TREE===*/
(scriptBlock
  (element
    (statement
      (assignmentExpression
        (startExpression
          (baseExpression (unaryExpression (memberExpression (identifier filename))))
        )
        &=
        (startExpression
          (baseExpression
            (unaryExpression
              (primaryExpression
                (literalExpression (stringLiteral " (stringLiteralPart test) "))
              )
            )
          )
        )
      )
      (endOfStatement ;)
    )
  )
)
/*======*/
/*===DECOMPILE===*/
filename &= 'test'
/*======*/