/*===TOKENS===*/
TRY                      <try>
'{'                      <{>
Hidden:NEWLINE                  <>
THROW                    <throw>
'('                      <(>
IDENTIFIER               <message>
'='                      <=>
OPEN_STRING              <">
STRING_LITERAL           <Oops>
CLOSE_STRING             <">
','                      <,>
IDENTIFIER               <detail>
'='                      <=>
OPEN_STRING              <">
STRING_LITERAL           <xyz>
CLOSE_STRING             <">
')'                      <)>
';'                      <;>
Hidden:LINE_COMMENT             <//CF9+>
'}'                      <}>
CATCH                    <catch>
'('                      <(>
ANY                      <any>
IDENTIFIER               <e>
')'                      <)>
'{'                      <{>
Hidden:NEWLINE                  <>
IDENTIFIER               <WriteOutput>
'('                      <(>
OPEN_STRING              <">
STRING_LITERAL           <Error:>
CLOSE_STRING             <">
'&'                      <&>
IDENTIFIER               <e>
'.'                      <.>
IDENTIFIER               <message>
')'                      <)>
';'                      <;>
Hidden:NEWLINE                  <>
RETHROW                  <rethrow>
';'                      <;>
Hidden:LINE_COMMENT             <//CF9+>
'}'                      <}>
CATCH                    <catch>
'('                      <(>
ANY                      <any>
IDENTIFIER               <e>
')'                      <)>
'{'                      <{>
Hidden:NEWLINE                  <>
IDENTIFIER               <WriteOutput>
'('                      <(>
OPEN_STRING              <">
STRING_LITERAL           <Error:>
CLOSE_STRING             <">
'&'                      <&>
IDENTIFIER               <e>
'.'                      <.>
IDENTIFIER               <message>
')'                      <)>
';'                      <;>
Hidden:NEWLINE                  <>
RETHROW                  <rethrow>
';'                      <;>
Hidden:LINE_COMMENT             <//CF9+>
'}'                      <}>
FINALLY                  <finally>
'{'                      <{>
Hidden:LINE_COMMENT             <//CF9+>
IDENTIFIER               <WriteOutput>
'('                      <(>
OPEN_STRING              <">
STRING_LITERAL           <I run even if no error>
CLOSE_STRING             <">
')'                      <)>
';'                      <;>
Hidden:NEWLINE                  <>
'}'                      <}>
/*===TREE===*/
(scriptBlock
  (element
    (statement
      (tryCatchStatement
        try
        (statement
          (compoundStatement
            {
            (statement
              (startExpression
                (baseExpression
                  (unaryExpression
                    (memberExpression
                      (functionCall
                        (identifier throw)
                        (
                        (argumentList
                          (argument
                            (argumentName (identifier message))
                            =
                            (startExpression
                              (baseExpression
                                (unaryExpression
                                  (primaryExpression
                                    (literalExpression (stringLiteral " (stringLiteralPart Oops) "))
                                  )
                                )
                              )
                            )
                          )
                          ,
                          (argument
                            (argumentName (identifier detail))
                            =
                            (startExpression
                              (baseExpression
                                (unaryExpression
                                  (primaryExpression
                                    (literalExpression (stringLiteral " (stringLiteralPart xyz) "))
                                  )
                                )
                              )
                            )
                          )
                        )
                        )
                      )
                    )
                  )
                )
              )
              ;
            )
            }
          )
        )
        (catchCondition
          catch
          (
          (typeSpec (type any))
          (multipartIdentifier (identifier e))
          )
          (compoundStatement
            {
            (statement
              (startExpression
                (baseExpression
                  (unaryExpression
                    (memberExpression
                      (functionCall
                        (identifier WriteOutput)
                        (
                        (argumentList
                          (argument
                            (startExpression
                              (baseExpression
                                (baseExpression
                                  (unaryExpression
                                    (primaryExpression
                                      (literalExpression (stringLiteral " (stringLiteralPart 'Error: ') "))
                                    )
                                  )
                                )
                                &
                                (baseExpression
                                  (unaryExpression (memberExpression (identifier e) . (identifier message)))
                                )
                              )
                            )
                          )
                        )
                        )
                      )
                    )
                  )
                )
              )
              ;
            )
            (statement (tagOperatorStatement (rethrowStatment rethrow (endOfStatement ;))))
            }
          )
        )
        (catchCondition
          catch
          (
          (typeSpec (type any))
          (multipartIdentifier (identifier e))
          )
          (compoundStatement
            {
            (statement
              (startExpression
                (baseExpression
                  (unaryExpression
                    (memberExpression
                      (functionCall
                        (identifier WriteOutput)
                        (
                        (argumentList
                          (argument
                            (startExpression
                              (baseExpression
                                (baseExpression
                                  (unaryExpression
                                    (primaryExpression
                                      (literalExpression (stringLiteral " (stringLiteralPart 'Error: ') "))
                                    )
                                  )
                                )
                                &
                                (baseExpression
                                  (unaryExpression (memberExpression (identifier e) . (identifier message)))
                                )
                              )
                            )
                          )
                        )
                        )
                      )
                    )
                  )
                )
              )
              ;
            )
            (statement (tagOperatorStatement (rethrowStatment rethrow (endOfStatement ;))))
            }
          )
        )
        (finallyStatement
          finally
          (compoundStatement
            {
            (statement
              (startExpression
                (baseExpression
                  (unaryExpression
                    (memberExpression
                      (functionCall
                        (identifier WriteOutput)
                        (
                        (argumentList
                          (argument
                            (startExpression
                              (baseExpression
                                (unaryExpression
                                  (primaryExpression
                                    (literalExpression
                                      (stringLiteral " (stringLiteralPart I run even if no error) ")
                                    )
                                  )
                                )
                              )
                            )
                          )
                        )
                        )
                      )
                    )
                  )
                )
              )
              ;
            )
            }
          )
        )
      )
    )
  )
)
/*======*/
/*===DECOMPILE===*/
try{
throw(message = 'Oops', detail = 'xyz');

}catch(any e)
{
WriteOutput('Error: ' & e.message);
rethrow;

}catch(any e)
{
WriteOutput('Error: ' & e.message);
rethrow;

}
/*======*/