/*===TOKENS===*/
PUBLIC                   <public>
IDENTIFIER               <obj>
'.'                      <.>
IDENTIFIER               <domain>
'.'                      <.>
CONTENT                  <content>
'.'                      <.>
IDENTIFIER               <News>
FUNCTION                 <function>
IDENTIFIER               <findAll>
'('                      <(>
')'                      <)>
'{'                      <{>
Hidden:NEWLINE                  <>
RETURN                   <return>
IDENTIFIER               <newsService>
'.'                      <.>
IDENTIFIER               <findAll>
'('                      <(>
')'                      <)>
';'                      <;>
Hidden:NEWLINE                  <>
'}'                      <}>
/*===TREE===*/
(scriptBlock
  (element
    (functionDeclaration
      (accessType public)
      (typeSpec
        (multipartIdentifier
          (identifier obj)
          .
          (identifierOrReservedWord (identifier domain))
          .
          (identifierOrReservedWord (identifier (cfmlFunction content)))
          .
          (identifierOrReservedWord (identifier News))
        )
      )
      function
      (identifier findAll)
      (
      parameterList
      )
      (compoundStatement
        {
        (statement
          (returnStatement
            return
            (anExpression
              (startExpression
                (baseExpression
                  (unaryExpression
                    (memberExpression
                      (identifier newsService)
                      .
                      (qualifiedFunctionCall (identifier findAll) ( argumentList ))
                    )
                  )
                )
              )
            )
          )
          (endOfStatement ;)
        )
        }
      )
    )
  )
)
/*======*/
/*===DECOMPILE===*/
public obj.domain.content.News function findAll()   {
    return newsService.findAll();

  }
/*======*/